// Jest Snapshot v1, https://goo.gl/fbAQLP

exports[`c-omni-provider-datatable matches snapshot 1`] = `
<c-omni-provider-datatable>
  #shadow-root(open)
</c-omni-provider-datatable>
`;
